    0.000000     0.000000    -0.691382
    0.000000     0.000000    -0.146680
    0.691857     0.147682     7.733764
