    0.208853    -0.978433   272.644638
    0.978433     0.208853  -118.728664
    0.000000     0.000000     1.000000
