    0.207436    -0.977763   272.644638
    0.977763     0.207436  -129.665861
    0.000000     0.000000     1.000000
